MO adder NULL adder.v vlg54/adder.bin 1525150358
MO leddigit NULL leddigit.v vlg36/leddigit.bin 1525150358
MO byte2bcd NULL byte2bcd.v vlg63/byte2bcd.bin 1525150358
MO lab2 NULL lab2.vf vlg51/lab2.bin 1525150358
MO choose NULL choose.v vlg15/choose.bin 1525150358
MO an_gen NULL an_gen.v vlg7C/an__gen.bin 1525150358
